--------------------------------------------------------------------------------
Release 13.4 Trace  (lin64)
Copyright (c) 1995-2011 Xilinx, Inc.  All rights reserved.

/CMC/tools/xilinx/13.4/ISE_DS/ISE/bin/lin64/unwrapped/trce -intstyle ise -v 3
-s 5 -n 3 -fastpaths -xml sdram_controller.twx sdram_controller.ncd -o
sdram_controller.twr sdram_controller.pcf

Design file:              sdram_controller.ncd
Physical constraint file: sdram_controller.pcf
Device,package,speed:     xc3s500e,pq208,-5 (PRODUCTION 1.27 2012-01-07)
Report level:             verbose report

Environment Variable      Effect 
--------------------      ------ 
NONE                      No environment variables were set
--------------------------------------------------------------------------------

INFO:Timing:2698 - No timing constraints found, doing default enumeration.
INFO:Timing:3412 - To improve timing, see the Timing Closure User Guide (UG612).
INFO:Timing:2752 - To get complete path coverage, use the unconstrained paths 
   option. All paths that are not constrained will be reported in the 
   unconstrained paths section(s) of the report.
INFO:Timing:3339 - The clock-to-out numbers in this timing report are based on 
   a 50 Ohm transmission line loading model.  For the details of this model, 
   and for more information on accounting for different loading conditions, 
   please see the device datasheet.
INFO:Timing:3390 - This architecture does not support a default System Jitter 
   value, please add SYSTEM_JITTER constraint to the UCF to modify the Clock 
   Uncertainty calculation.
INFO:Timing:3389 - This architecture does not support 'Discrete Jitter' and 
   'Phase Error' calculations, these terms will be zero in the Clock 
   Uncertainty calculation.  Please make appropriate modification to 
   SYSTEM_JITTER to account for the unsupported Discrete Jitter and Phase 
   Error.



Data Sheet report:
-----------------
All values displayed in nanoseconds (ns)

Setup/Hold to clock clk
------------+------------+------------+------------------+--------+
            |Max Setup to|Max Hold to |                  | Clock  |
Source      | clk (edge) | clk (edge) |Internal Clock(s) | Phase  |
------------+------------+------------+------------------+--------+
address<0>  |    0.406(R)|    0.806(R)|clk_BUFGP         |   0.000|
address<1>  |    0.341(R)|    0.859(R)|clk_BUFGP         |   0.000|
address<2>  |    0.340(R)|    0.860(R)|clk_BUFGP         |   0.000|
address<3>  |    0.530(R)|    0.709(R)|clk_BUFGP         |   0.000|
address<4>  |    0.583(R)|    0.661(R)|clk_BUFGP         |   0.000|
address<5>  |    0.061(R)|    1.079(R)|clk_BUFGP         |   0.000|
address<6>  |    0.127(R)|    1.024(R)|clk_BUFGP         |   0.000|
address<7>  |   -0.264(R)|    1.338(R)|clk_BUFGP         |   0.000|
address<8>  |    0.049(R)|    1.087(R)|clk_BUFGP         |   0.000|
address<9>  |   -0.235(R)|    1.315(R)|clk_BUFGP         |   0.000|
address<10> |    0.106(R)|    1.046(R)|clk_BUFGP         |   0.000|
address<11> |    0.257(R)|    0.925(R)|clk_BUFGP         |   0.000|
d_in<0>     |   -0.198(R)|    1.288(R)|clk_BUFGP         |   0.000|
d_in<1>     |   -0.250(R)|    1.330(R)|clk_BUFGP         |   0.000|
d_in<2>     |    0.047(R)|    1.092(R)|clk_BUFGP         |   0.000|
d_in<3>     |   -0.497(R)|    1.528(R)|clk_BUFGP         |   0.000|
d_in<4>     |   -0.425(R)|    1.468(R)|clk_BUFGP         |   0.000|
d_in<5>     |   -0.201(R)|    1.289(R)|clk_BUFGP         |   0.000|
d_in<6>     |    0.881(R)|    0.426(R)|clk_BUFGP         |   0.000|
d_in<7>     |   -0.001(R)|    1.131(R)|clk_BUFGP         |   0.000|
memstrb     |    2.054(R)|    1.046(R)|clk_BUFGP         |   0.000|
wea<0>      |    1.407(R)|    1.456(R)|clk_BUFGP         |   0.000|
------------+------------+------------+------------------+--------+

Clock clk to Pad
------------+------------+------------------+--------+
            | clk (edge) |                  | Clock  |
Destination |   to PAD   |Internal Clock(s) | Phase  |
------------+------------+------------------+--------+
d_out<0>    |    7.483(R)|clk_BUFGP         |   0.000|
d_out<1>    |    7.267(R)|clk_BUFGP         |   0.000|
d_out<2>    |    7.831(R)|clk_BUFGP         |   0.000|
d_out<3>    |    7.490(R)|clk_BUFGP         |   0.000|
d_out<4>    |    6.927(R)|clk_BUFGP         |   0.000|
d_out<5>    |    6.943(R)|clk_BUFGP         |   0.000|
d_out<6>    |    7.216(R)|clk_BUFGP         |   0.000|
d_out<7>    |    7.622(R)|clk_BUFGP         |   0.000|
------------+------------+------------------+--------+

Clock to Setup on destination clock clk
---------------+---------+---------+---------+---------+
               | Src:Rise| Src:Fall| Src:Rise| Src:Fall|
Source Clock   |Dest:Rise|Dest:Rise|Dest:Fall|Dest:Fall|
---------------+---------+---------+---------+---------+
clk            |    3.137|         |         |         |
---------------+---------+---------+---------+---------+


Analysis completed Tue Oct 15 13:43:48 2024 
--------------------------------------------------------------------------------

Trace Settings:
-------------------------
Trace Settings 

Peak Memory Usage: 373 MB



